	berger_parker_d
S100.8123_S2	0.1110369328342195
S101.8118_S3	0.07594856259136072
S102.8145_S4	0.4286647340920478
S103.8150_S5	0.05272880096954533
S104.8162_S6	0.08912859560067682
S105.8151_S7	0.15619352718909152
S106.8079_S8	0.2972525155148521
S107.8192_S9	0.3459979909080074
S108.8103_S10	0.1950323718194426
S109.8446_S11	0.096264241572211
S110.8096_S12	0.208197796432319
S111.8449_S13	0.13622651793517587
S112.8459_S14	0.10754209403770511
S113.8451_S15	0.21627436416258997
S114.8452_S16	0.3775415863874715
S115.8234_S17	0.15714441433865894
S116.8209_S18	0.2817640917522325
S117.8026_S19	0.1226658611599297
S118.8490_S20	0.2054250612686591
S119.8130_S21	0.17714889732378802
S120.8477_S22	0.06471492565006494
S121.8264_S23	0.1090497367200502
S122.8134_S24	0.0425130890052356
S123.8176_S25	0.13819079808927526
S124.8224_S26	0.16836057776553934
S125.8210_S27	0.2056588224521564
S126.8135_S28	0.07298678708017109
S127.8112_S29	0.21261332282223097
S128.8202_S30	0.09484147803927447
S129.8204_S31	0.2511116570445891
S130.8507_S32	0.11038872159868601
S131.8274_S33	0.12878794481388195
S132.8297_S34	0.13813618957969676
S133.8222_S35	0.2739420935412027
S134.8546_S36	0.23359716596682892
S135.8381_S37	0.1599509711900529
S136.8391_S38	0.14156788573478338
S137.8574_S39	0.053367668605425564
S138.8047_S40	0.2937586488308555
S139.8583_S41	0.09009590373885591
S140.8013_S42	0.12170931470704446
S141.8080_S43	0.1172756087373154
S142.8621_S44	0.10018520151688862
S143.8071_S45	0.08047885437204608
S144.8417_S46	0.18901319241436174
S145.8371_S47	0.16220753533696752
S146.8430_S48	0.07595210130546894
S147.8369_S49	0.1850040355125101
S148.8242_S50	0.27973958917948144
S149.8312_S51	0.1505142271765356
